<config xmlns="http://tail-f.com/ns/config/1.0">
  <networks xmlns="urn:ietf:params:xml:ns:yang:ietf-network-state">
    <network>
      <network-id>2000000002-L3VPN-SLA-IPV4</network-id>
      <supporting-network>
        <network-ref>2000000002-SITE</network-ref>
      </supporting-network>
      <node>
        <node-id>de-bsp-aachen-ce-3</node-id>
        <supporting-node>
          <network-ref>2000000002-SITE</network-ref>
          <node-ref>2000000002.000228-C01</node-ref>
        </supporting-node>
        <termination-point xmlns="urn:ietf:params:xml:ns:yang:ietf-network-topology-state">
          <tp-id>10.1.1.2</tp-id>
        </termination-point>
      </node>
      <node>
        <node-id>de-bsp-berlin-cpe-1</node-id>
        <supporting-node>
          <network-ref>2000000002-SITE</network-ref>
          <node-ref>2000000002.000229-C01</node-ref>
        </supporting-node>
        <termination-point xmlns="urn:ietf:params:xml:ns:yang:ietf-network-topology-state">
          <tp-id>10.1.3.2</tp-id>
        </termination-point>
      </node>
      <node>
        <node-id>de-bsp-chemni-ce-2</node-id>
        <supporting-node>
          <network-ref>2000000002-SITE</network-ref>
          <node-ref>2000000002.000230-C01</node-ref>
        </supporting-node>
        <termination-point xmlns="urn:ietf:params:xml:ns:yang:ietf-network-topology-state">
          <tp-id>10.1.2.2</tp-id>
        </termination-point>
      </node>
      <link xmlns="urn:ietf:params:xml:ns:yang:ietf-network-topology-state">
        <link-id>de-bsp-aachen-ce-3--de-bsp-berlin-cpe-1</link-id>
        <source>
          <source-node>de-bsp-aachen-ce-3</source-node>
          <source-tp>10.1.1.2</source-tp>
        </source>
        <destination>
          <dest-node>de-bsp-berlin-cpe-1</dest-node>
          <dest-tp>10.1.3.2</dest-tp>
        </destination>
      </link>
      <link xmlns="urn:ietf:params:xml:ns:yang:ietf-network-topology-state">
        <link-id>de-bsp-berlin-cpe-1--de-bsp-aachen-ce-3</link-id>
        <source>
          <source-node>de-bsp-berlin-cpe-1</source-node>
          <source-tp>10.1.3.2</source-tp>
        </source>
        <destination>
          <dest-node>de-bsp-aachen-ce-3</dest-node>
          <dest-tp>10.1.1.2</dest-tp>
        </destination>
      </link>
      <link xmlns="urn:ietf:params:xml:ns:yang:ietf-network-topology-state">
        <link-id>de-bsp-berlin-cpe-1--de-bsp-chemni-ce-2</link-id>
        <source>
          <source-node>de-bsp-berlin-cpe-1</source-node>
          <source-tp>10.1.3.2</source-tp>
        </source>
        <destination>
          <dest-node>de-bsp-chemni-ce-2</dest-node>
          <dest-tp>10.1.2.2</dest-tp>
        </destination>
      </link>
      <link xmlns="urn:ietf:params:xml:ns:yang:ietf-network-topology-state">
        <link-id>de-bsp-chemni-ce-2--de-bsp-berlin-cpe-1</link-id>
        <source>
          <source-node>de-bsp-chemni-ce-2</source-node>
          <source-tp>10.1.2.2</source-tp>
        </source>
        <destination>
          <dest-node>de-bsp-berlin-cpe-1</dest-node>
          <dest-tp>10.1.3.2</dest-tp>
        </destination>
      </link>
    </network>
  </networks>
</config>
